2026-09-28T19:28:14.3474620Z 
2026-09-28T19:28:14.3474706Z ==============================================
2026-09-28T19:28:14.3474773Z = Run Summary
2026-09-28T19:28:14.3474854Z ==============================================
2026-09-28T19:28:14.3474897Z 
2026-09-28T19:28:14.3475067Z res://tests/integration/test_narrative_caption_ledger_runtime.gd
2026-09-28T19:28:14.3475333Z - test_native_entries_share_one_sequence_across_retirement_reconstruction_and_fresh_publication
2026-09-28T19:28:14.3475433Z     [Failed]:  [2] expected to equal [3]:  
2026-09-28T19:28:14.3475508Z           at line 228
2026-09-28T19:28:14.3475511Z 
2026-09-28T19:28:14.3475580Z Totals
2026-09-28T19:28:14.3475642Z ------
2026-09-28T19:28:14.3475723Z Scripts              18
2026-09-28T19:28:14.3475797Z Tests               229
2026-09-28T19:28:14.3475877Z Passing Tests       228
2026-09-28T19:28:14.3475949Z Failing Tests         1
2026-09-28T19:28:14.3476026Z Asserts           7303/7304
2026-09-28T19:28:14.3476103Z Time              76.977s
2026-09-28T19:28:14.3476106Z 
2026-09-28T19:28:14.3476109Z 
2026-09-28T19:28:14.3476188Z ---- 1 failing tests ----
2026-09-28T19:28:14.3476192Z 
2026-09-28T19:28:14.3476333Z Results saved to res://.godot/ci/reading_delivery.xml
2026-09-28T19:28:14.3476418Z [INFO]:  Exiting with code 1
